{
    "Test no gtf profile": {
        "content": [
            15,
            {
                "CSVTK_JOIN": {
                    "csvtk": "0.31.0"
                },
                "CUSTOM_FILTERDIFFERENTIALTABLE": {
                    "pandas": "1.5.2"
                },
                "DESEQ2_DIFFERENTIAL": {
                    "r-base": "4.1.3",
                    "bioconductor-deseq2": "1.34.0"
                },
                "DESEQ2_NORM": {
                    "r-base": "4.1.3",
                    "bioconductor-deseq2": "1.34.0"
                },
                "PLOT_DIFFERENTIAL": {
                    "r-shinyngs": "2.3.0"
                },
                "PLOT_EXPLORATORY": {
                    "r-shinyngs": "2.3.0"
                },
                "SHINYNGS_APP": {
                    "r-shinyngs": "2.3.0"
                },
                "VALIDATOR": {
                    "r-shinyngs": "2.3.0"
                },
                "Workflow": {
                    "nf-core/differentialabundance": "v1.6.0dev"
                }
            },
            [
                "other",
                "other/deseq2",
                "other/deseq2/rnaseq",
                "other/deseq2/rnaseq/treatment_mCherry_hND6__SRP254919.dds.rld.rds",
                "other/deseq2/rnaseq/treatment_mCherry_hND6__SRP254919.deseq2.sizefactors.tsv",
                "other/deseq2/rnaseq/treatment_mCherry_hND6_sample_number_SRP254919.dds.rld.rds",
                "other/deseq2/rnaseq/treatment_mCherry_hND6_sample_number_SRP254919.deseq2.sizefactors.tsv",
                "pipeline_info",
                "pipeline_info/collated_versions.yml",
                "pipeline_info/nf_core_differentialabundance_software_versions.yml",
                "plots",
                "plots/differential",
                "plots/differential/rnaseq",
                "plots/differential/rnaseq/treatment_mCherry_hND6__SRP254919",
                "plots/differential/rnaseq/treatment_mCherry_hND6__SRP254919/png",
                "plots/differential/rnaseq/treatment_mCherry_hND6__SRP254919/png/volcano.png",
                "plots/differential/rnaseq/treatment_mCherry_hND6_sample_number_SRP254919",
                "plots/differential/rnaseq/treatment_mCherry_hND6_sample_number_SRP254919/png",
                "plots/differential/rnaseq/treatment_mCherry_hND6_sample_number_SRP254919/png/volcano.png",
                "plots/exploratory",
                "plots/exploratory/rnaseq",
                "plots/exploratory/rnaseq/treatment",
                "plots/exploratory/rnaseq/treatment/png",
                "plots/exploratory/rnaseq/treatment/png/boxplot.png",
                "plots/exploratory/rnaseq/treatment/png/density.png",
                "plots/exploratory/rnaseq/treatment/png/mad_correlation.png",
                "plots/exploratory/rnaseq/treatment/png/pca2d.png",
                "plots/exploratory/rnaseq/treatment/png/pca3d.png",
                "plots/exploratory/rnaseq/treatment/png/sample_dendrogram.png",
                "plots/qc",
                "plots/qc/rnaseq",
                "plots/qc/rnaseq/treatment_mCherry_hND6__SRP254919.deseq2.dispersion.png",
                "plots/qc/rnaseq/treatment_mCherry_hND6_sample_number_SRP254919.deseq2.dispersion.png",
                "report",
                "report/rnaseq",
                "report/rnaseq/SRP254919.zip",
                "report/rnaseq/SRP254919_differentialabundance_report.html",
                "shinyngs_app",
                "shinyngs_app/rnaseq",
                "shinyngs_app/rnaseq/SRP254919",
                "shinyngs_app/rnaseq/SRP254919/app.R",
                "shinyngs_app/rnaseq/SRP254919/data.rds",
                "tables",
                "tables/differential",
                "tables/differential/rnaseq",
                "tables/differential/rnaseq/treatment_mCherry_hND6__SRP254919.deseq2.results.tsv",
                "tables/differential/rnaseq/treatment_mCherry_hND6__SRP254919.deseq2.results_filtered.tsv",
                "tables/differential/rnaseq/treatment_mCherry_hND6__SRP254919_deseq2.annotated.tsv",
                "tables/differential/rnaseq/treatment_mCherry_hND6_sample_number_SRP254919.deseq2.results.tsv",
                "tables/differential/rnaseq/treatment_mCherry_hND6_sample_number_SRP254919.deseq2.results_filtered.tsv",
                "tables/differential/rnaseq/treatment_mCherry_hND6_sample_number_SRP254919_deseq2.annotated.tsv",
                "tables/processed_abundance",
                "tables/processed_abundance/rnaseq",
                "tables/processed_abundance/rnaseq/all.normalised_counts.tsv",
                "tables/processed_abundance/rnaseq/all.vst.tsv"
            ],
            [
                "treatment_mCherry_hND6__SRP254919.deseq2.sizefactors.tsv:md5,402909515e7ae8d53d091bf5ad9bc5fd",
                "treatment_mCherry_hND6_sample_number_SRP254919.deseq2.sizefactors.tsv:md5,402909515e7ae8d53d091bf5ad9bc5fd",
                "app.R:md5,bedcfc45b6cdcc2b8fe3627987e2b17a",
                "treatment_mCherry_hND6__SRP254919.deseq2.results.tsv:md5,45c3c078079eb691e848273e7aa88ed9",
                "treatment_mCherry_hND6__SRP254919.deseq2.results_filtered.tsv:md5,c0a889e8e4d3012eaab9858b972f71fc",
                "treatment_mCherry_hND6__SRP254919_deseq2.annotated.tsv:md5,d71b7a6bc2bdca41cd6b7eada3680f25",
                "treatment_mCherry_hND6_sample_number_SRP254919.deseq2.results.tsv:md5,a93e25d42b4f903348c0c41a514f0082",
                "treatment_mCherry_hND6_sample_number_SRP254919.deseq2.results_filtered.tsv:md5,1c8d72ef6c511cf30c96f6d1599229d7",
                "treatment_mCherry_hND6_sample_number_SRP254919_deseq2.annotated.tsv:md5,4d5bcf01536f763c048a2ab36f737288",
                "all.normalised_counts.tsv:md5,82f872a811c3776fe6ef2d812197b881",
                "all.vst.tsv:md5,770f15d66385f8d5de7125ef59ad6a52"
            ]
        ],
        "meta": {
            "nf-test": "0.9.3",
            "nextflow": "25.10.3"
        },
        "timestamp": "2026-04-01T18:25:34.583559255"
    }
}